
> client@0.0.0 build
> vite build

[36mvite v8.0.3 [32mbuilding client environment for production...[36m[39m
[2K
transforming...Γ£ô 2370 modules transformed.
rendering chunks...
computing gzip size...
dist/index.html                   1.12 kB Γöé gzip:   0.55 kB
dist/assets/index-C9hvOKF8.css  103.18 kB Γöé gzip:  15.31 kB
dist/assets/index-QXwF_T4_.js   812.58 kB Γöé gzip: 227.82 kB

[32mΓ£ô built in 848ms[39m
node.exe : [33m[plugin builtin:vite-reporter] 
At line:1 char:1
+ & "C:\Program Files\nodejs/node.exe" "C:\Program Files\nodejs/node_mo ...
+ ~~~~~~~~~~~~~~~~~~~~~~~~~~~~~~~~~~~~~~~~~~~~~~~~~~~~~~~~~~~~~~~~~~~~~
    + CategoryInfo          : NotSpecified: ([33m[plugin builtin:vite-reporter] :String) [], RemoteException
    + FullyQualifiedErrorId : NativeCommandError
 
(!) Some chunks are larger than 500 kB after minification. Consider:
- Using dynamic import() to code-split the application
- Use build.rolldownOptions.output.codeSplitting to improve chunking: 
https://rolldown.rs/reference/OutputOptions.codeSplitting
- Adjust chunk size limit for this warning via build.chunkSizeWarningLimit.[39m
